INFO - 2024-12-26 21:02:24 --> Session: Class initialized using 'CodeIgniter\Session\Handlers\FileHandler' driver.
INFO - 2024-12-26 21:02:24 --> Session: Class initialized using 'CodeIgniter\Session\Handlers\FileHandler' driver.
INFO - 2024-12-26 21:02:37 --> Session: Class initialized using 'CodeIgniter\Session\Handlers\FileHandler' driver.
INFO - 2024-12-26 21:02:38 --> Session: Class initialized using 'CodeIgniter\Session\Handlers\FileHandler' driver.
INFO - 2024-12-26 21:02:46 --> Session: Class initialized using 'CodeIgniter\Session\Handlers\FileHandler' driver.
INFO - 2024-12-26 21:02:46 --> CSRF token verified.
ERROR - 2024-12-26 21:02:46 --> Error connecting to the database: mysqli_sql_exception: Unknown database 'ci4_tyche' in C:\xampp\htdocs\tyche-info-solutions\system\Database\MySQLi\Connection.php:186
Stack trace:
#0 C:\xampp\htdocs\tyche-info-solutions\system\Database\MySQLi\Connection.php(186): mysqli->real_connect('localhost', 'root', Object(SensitiveParameterValue), 'ci4_tyche', 3306, '', 0)
#1 C:\xampp\htdocs\tyche-info-solutions\system\Database\BaseConnection.php(421): CodeIgniter\Database\MySQLi\Connection->connect(false)
#2 C:\xampp\htdocs\tyche-info-solutions\system\Database\BaseConnection.php(616): CodeIgniter\Database\BaseConnection->initialize()
#3 C:\xampp\htdocs\tyche-info-solutions\system\Database\BaseBuilder.php(1644): CodeIgniter\Database\BaseConnection->query('SELECT *\nFROM `...', Array, false)
#4 C:\xampp\htdocs\tyche-info-solutions\system\Model.php(330): CodeIgniter\Database\BaseBuilder->get()
#5 C:\xampp\htdocs\tyche-info-solutions\system\BaseModel.php(714): CodeIgniter\Model->doFirst()
#6 C:\xampp\htdocs\tyche-info-solutions\app\Models\UserModel.php(18): CodeIgniter\BaseModel->first()
#7 C:\xampp\htdocs\tyche-info-solutions\app\Controllers\AuthController.php(24): App\Models\UserModel->getUserByUsername('admin')
#8 C:\xampp\htdocs\tyche-info-solutions\system\CodeIgniter.php(933): App\Controllers\AuthController->doLogin()
#9 C:\xampp\htdocs\tyche-info-solutions\system\CodeIgniter.php(509): CodeIgniter\CodeIgniter->runController(Object(App\Controllers\AuthController))
#10 C:\xampp\htdocs\tyche-info-solutions\system\CodeIgniter.php(355): CodeIgniter\CodeIgniter->handleRequest(NULL, Object(Config\Cache), false)
#11 C:\xampp\htdocs\tyche-info-solutions\system\Boot.php(325): CodeIgniter\CodeIgniter->run()
#12 C:\xampp\htdocs\tyche-info-solutions\system\Boot.php(67): CodeIgniter\Boot::runCodeIgniter(Object(CodeIgniter\CodeIgniter))
#13 C:\xampp\htdocs\tyche-info-solutions\index.php(56): CodeIgniter\Boot::bootWeb(Object(Config\Paths))
#14 {main}

Next CodeIgniter\Database\Exceptions\DatabaseException: Unknown database 'ci4_tyche' in C:\xampp\htdocs\tyche-info-solutions\system\Database\MySQLi\Connection.php:231
Stack trace:
#0 C:\xampp\htdocs\tyche-info-solutions\system\Database\BaseConnection.php(421): CodeIgniter\Database\MySQLi\Connection->connect(false)
#1 C:\xampp\htdocs\tyche-info-solutions\system\Database\BaseConnection.php(616): CodeIgniter\Database\BaseConnection->initialize()
#2 C:\xampp\htdocs\tyche-info-solutions\system\Database\BaseBuilder.php(1644): CodeIgniter\Database\BaseConnection->query('SELECT *\nFROM `...', Array, false)
#3 C:\xampp\htdocs\tyche-info-solutions\system\Model.php(330): CodeIgniter\Database\BaseBuilder->get()
#4 C:\xampp\htdocs\tyche-info-solutions\system\BaseModel.php(714): CodeIgniter\Model->doFirst()
#5 C:\xampp\htdocs\tyche-info-solutions\app\Models\UserModel.php(18): CodeIgniter\BaseModel->first()
#6 C:\xampp\htdocs\tyche-info-solutions\app\Controllers\AuthController.php(24): App\Models\UserModel->getUserByUsername('admin')
#7 C:\xampp\htdocs\tyche-info-solutions\system\CodeIgniter.php(933): App\Controllers\AuthController->doLogin()
#8 C:\xampp\htdocs\tyche-info-solutions\system\CodeIgniter.php(509): CodeIgniter\CodeIgniter->runController(Object(App\Controllers\AuthController))
#9 C:\xampp\htdocs\tyche-info-solutions\system\CodeIgniter.php(355): CodeIgniter\CodeIgniter->handleRequest(NULL, Object(Config\Cache), false)
#10 C:\xampp\htdocs\tyche-info-solutions\system\Boot.php(325): CodeIgniter\CodeIgniter->run()
#11 C:\xampp\htdocs\tyche-info-solutions\system\Boot.php(67): CodeIgniter\Boot::runCodeIgniter(Object(CodeIgniter\CodeIgniter))
#12 C:\xampp\htdocs\tyche-info-solutions\index.php(56): CodeIgniter\Boot::bootWeb(Object(Config\Paths))
#13 {main}
CRITICAL - 2024-12-26 21:02:46 --> CodeIgniter\Database\Exceptions\DatabaseException: Unable to connect to the database.
Main connection [MySQLi]: Unknown database 'ci4_tyche'
[Method: POST, Route: auth/dologin]
in SYSTEMPATH\Database\BaseConnection.php on line 467.
 1 SYSTEMPATH\Database\BaseConnection.php(616): CodeIgniter\Database\BaseConnection->initialize()
 2 SYSTEMPATH\Database\BaseBuilder.php(1644): CodeIgniter\Database\BaseConnection->query('SELECT *
FROM `users`
WHERE `username` = :username:
 LIMIT 1', [...], false)
 3 SYSTEMPATH\Model.php(330): CodeIgniter\Database\BaseBuilder->get()
 4 SYSTEMPATH\BaseModel.php(714): CodeIgniter\Model->doFirst()
 5 APPPATH\Models\UserModel.php(18): CodeIgniter\BaseModel->first()
 6 APPPATH\Controllers\AuthController.php(24): App\Models\UserModel->getUserByUsername('admin')
 7 SYSTEMPATH\CodeIgniter.php(933): App\Controllers\AuthController->doLogin()
 8 SYSTEMPATH\CodeIgniter.php(509): CodeIgniter\CodeIgniter->runController(Object(App\Controllers\AuthController))
 9 SYSTEMPATH\CodeIgniter.php(355): CodeIgniter\CodeIgniter->handleRequest(null, Object(Config\Cache), false)
10 SYSTEMPATH\Boot.php(325): CodeIgniter\CodeIgniter->run()
11 SYSTEMPATH\Boot.php(67): CodeIgniter\Boot::runCodeIgniter(Object(CodeIgniter\CodeIgniter))
12 FCPATH\index.php(56): CodeIgniter\Boot::bootWeb(Object(Config\Paths))
