CRITICAL - 2024-12-15 06:32:19 --> CodeIgniter\View\Exceptions\ViewException: Invalid file: "Pages/Dashboard.php"
[Method: GET, Route: Dashboard]
in SYSTEMPATH\Exceptions\FrameworkException.php on line 41.
 1 SYSTEMPATH\View\View.php(222): CodeIgniter\Exceptions\FrameworkException::forInvalidFile('Pages/Dashboard.php')
 2 SYSTEMPATH\Common.php(1171): CodeIgniter\View\View->render('Pages/Dashboard', [], true)
 3 APPPATH\Controllers\Pages.php(14): view('Pages/Dashboard')
 4 SYSTEMPATH\CodeIgniter.php(933): App\Controllers\Pages->Showme('Dashboard')
 5 SYSTEMPATH\CodeIgniter.php(509): CodeIgniter\CodeIgniter->runController(Object(App\Controllers\Pages))
 6 SYSTEMPATH\CodeIgniter.php(355): CodeIgniter\CodeIgniter->handleRequest(null, Object(Config\Cache), false)
 7 SYSTEMPATH\Boot.php(325): CodeIgniter\CodeIgniter->run()
 8 SYSTEMPATH\Boot.php(67): CodeIgniter\Boot::runCodeIgniter(Object(CodeIgniter\CodeIgniter))
 9 FCPATH\index.php(56): CodeIgniter\Boot::bootWeb(Object(Config\Paths))
CRITICAL - 2024-12-15 06:33:28 --> CodeIgniter\View\Exceptions\ViewException: Invalid file: "Pages/Dashboard.php"
[Method: GET, Route: Dashboard/idex]
in SYSTEMPATH\Exceptions\FrameworkException.php on line 41.
 1 SYSTEMPATH\View\View.php(222): CodeIgniter\Exceptions\FrameworkException::forInvalidFile('Pages/Dashboard.php')
 2 SYSTEMPATH\Common.php(1171): CodeIgniter\View\View->render('Pages/Dashboard', [], true)
 3 APPPATH\Controllers\Pages.php(14): view('Pages/Dashboard')
 4 SYSTEMPATH\CodeIgniter.php(933): App\Controllers\Pages->Showme('Dashboard', 'idex')
 5 SYSTEMPATH\CodeIgniter.php(509): CodeIgniter\CodeIgniter->runController(Object(App\Controllers\Pages))
 6 SYSTEMPATH\CodeIgniter.php(355): CodeIgniter\CodeIgniter->handleRequest(null, Object(Config\Cache), false)
 7 SYSTEMPATH\Boot.php(325): CodeIgniter\CodeIgniter->run()
 8 SYSTEMPATH\Boot.php(67): CodeIgniter\Boot::runCodeIgniter(Object(CodeIgniter\CodeIgniter))
 9 FCPATH\index.php(56): CodeIgniter\Boot::bootWeb(Object(Config\Paths))
CRITICAL - 2024-12-15 06:33:48 --> CodeIgniter\View\Exceptions\ViewException: Invalid file: "Pages/Dashboard.php"
[Method: GET, Route: Dashboard/index]
in SYSTEMPATH\Exceptions\FrameworkException.php on line 41.
 1 SYSTEMPATH\View\View.php(222): CodeIgniter\Exceptions\FrameworkException::forInvalidFile('Pages/Dashboard.php')
 2 SYSTEMPATH\Common.php(1171): CodeIgniter\View\View->render('Pages/Dashboard', [], true)
 3 APPPATH\Controllers\Pages.php(14): view('Pages/Dashboard')
 4 SYSTEMPATH\CodeIgniter.php(933): App\Controllers\Pages->Showme('Dashboard', 'index')
 5 SYSTEMPATH\CodeIgniter.php(509): CodeIgniter\CodeIgniter->runController(Object(App\Controllers\Pages))
 6 SYSTEMPATH\CodeIgniter.php(355): CodeIgniter\CodeIgniter->handleRequest(null, Object(Config\Cache), false)
 7 SYSTEMPATH\Boot.php(325): CodeIgniter\CodeIgniter->run()
 8 SYSTEMPATH\Boot.php(67): CodeIgniter\Boot::runCodeIgniter(Object(CodeIgniter\CodeIgniter))
 9 FCPATH\index.php(56): CodeIgniter\Boot::bootWeb(Object(Config\Paths))
CRITICAL - 2024-12-15 06:36:15 --> CodeIgniter\View\Exceptions\ViewException: Invalid file: "Pages/Dashboard.php"
[Method: GET, Route: Dashboard/index]
in SYSTEMPATH\Exceptions\FrameworkException.php on line 41.
 1 SYSTEMPATH\View\View.php(222): CodeIgniter\Exceptions\FrameworkException::forInvalidFile('Pages/Dashboard.php')
 2 SYSTEMPATH\Common.php(1171): CodeIgniter\View\View->render('Pages/Dashboard', [], true)
 3 APPPATH\Controllers\Pages.php(14): view('Pages/Dashboard')
 4 SYSTEMPATH\CodeIgniter.php(933): App\Controllers\Pages->Showme('Dashboard', 'index')
 5 SYSTEMPATH\CodeIgniter.php(509): CodeIgniter\CodeIgniter->runController(Object(App\Controllers\Pages))
 6 SYSTEMPATH\CodeIgniter.php(355): CodeIgniter\CodeIgniter->handleRequest(null, Object(Config\Cache), false)
 7 SYSTEMPATH\Boot.php(325): CodeIgniter\CodeIgniter->run()
 8 SYSTEMPATH\Boot.php(67): CodeIgniter\Boot::runCodeIgniter(Object(CodeIgniter\CodeIgniter))
 9 FCPATH\index.php(56): CodeIgniter\Boot::bootWeb(Object(Config\Paths))
CRITICAL - 2024-12-15 06:36:16 --> CodeIgniter\View\Exceptions\ViewException: Invalid file: "Pages/Dashboard.php"
[Method: GET, Route: Dashboard/index]
in SYSTEMPATH\Exceptions\FrameworkException.php on line 41.
 1 SYSTEMPATH\View\View.php(222): CodeIgniter\Exceptions\FrameworkException::forInvalidFile('Pages/Dashboard.php')
 2 SYSTEMPATH\Common.php(1171): CodeIgniter\View\View->render('Pages/Dashboard', [], true)
 3 APPPATH\Controllers\Pages.php(14): view('Pages/Dashboard')
 4 SYSTEMPATH\CodeIgniter.php(933): App\Controllers\Pages->Showme('Dashboard', 'index')
 5 SYSTEMPATH\CodeIgniter.php(509): CodeIgniter\CodeIgniter->runController(Object(App\Controllers\Pages))
 6 SYSTEMPATH\CodeIgniter.php(355): CodeIgniter\CodeIgniter->handleRequest(null, Object(Config\Cache), false)
 7 SYSTEMPATH\Boot.php(325): CodeIgniter\CodeIgniter->run()
 8 SYSTEMPATH\Boot.php(67): CodeIgniter\Boot::runCodeIgniter(Object(CodeIgniter\CodeIgniter))
 9 FCPATH\index.php(56): CodeIgniter\Boot::bootWeb(Object(Config\Paths))
CRITICAL - 2024-12-15 06:38:50 --> CodeIgniter\View\Exceptions\ViewException: Invalid file: "Pages/Dashboard.php"
[Method: GET, Route: Dashboard/index]
in SYSTEMPATH\Exceptions\FrameworkException.php on line 41.
 1 SYSTEMPATH\View\View.php(222): CodeIgniter\Exceptions\FrameworkException::forInvalidFile('Pages/Dashboard.php')
 2 SYSTEMPATH\Common.php(1171): CodeIgniter\View\View->render('Pages/Dashboard', [], true)
 3 APPPATH\Controllers\Pages.php(14): view('Pages/Dashboard')
 4 SYSTEMPATH\CodeIgniter.php(933): App\Controllers\Pages->Showme('Dashboard', 'index')
 5 SYSTEMPATH\CodeIgniter.php(509): CodeIgniter\CodeIgniter->runController(Object(App\Controllers\Pages))
 6 SYSTEMPATH\CodeIgniter.php(355): CodeIgniter\CodeIgniter->handleRequest(null, Object(Config\Cache), false)
 7 SYSTEMPATH\Boot.php(325): CodeIgniter\CodeIgniter->run()
 8 SYSTEMPATH\Boot.php(67): CodeIgniter\Boot::runCodeIgniter(Object(CodeIgniter\CodeIgniter))
 9 FCPATH\index.php(56): CodeIgniter\Boot::bootWeb(Object(Config\Paths))
CRITICAL - 2024-12-15 06:39:54 --> CodeIgniter\View\Exceptions\ViewException: Invalid file: "Pages/admin.php"
[Method: GET, Route: admin]
in SYSTEMPATH\Exceptions\FrameworkException.php on line 41.
 1 SYSTEMPATH\View\View.php(222): CodeIgniter\Exceptions\FrameworkException::forInvalidFile('Pages/admin.php')
 2 SYSTEMPATH\Common.php(1171): CodeIgniter\View\View->render('Pages/admin', [], true)
 3 APPPATH\Controllers\Pages.php(14): view('Pages/admin')
 4 SYSTEMPATH\CodeIgniter.php(933): App\Controllers\Pages->Showme('admin')
 5 SYSTEMPATH\CodeIgniter.php(509): CodeIgniter\CodeIgniter->runController(Object(App\Controllers\Pages))
 6 SYSTEMPATH\CodeIgniter.php(355): CodeIgniter\CodeIgniter->handleRequest(null, Object(Config\Cache), false)
 7 SYSTEMPATH\Boot.php(325): CodeIgniter\CodeIgniter->run()
 8 SYSTEMPATH\Boot.php(67): CodeIgniter\Boot::runCodeIgniter(Object(CodeIgniter\CodeIgniter))
 9 FCPATH\index.php(56): CodeIgniter\Boot::bootWeb(Object(Config\Paths))
CRITICAL - 2024-12-15 06:40:14 --> CodeIgniter\View\Exceptions\ViewException: Invalid file: "Pages/Dashbord.php"
[Method: GET, Route: Dashbord]
in SYSTEMPATH\Exceptions\FrameworkException.php on line 41.
 1 SYSTEMPATH\View\View.php(222): CodeIgniter\Exceptions\FrameworkException::forInvalidFile('Pages/Dashbord.php')
 2 SYSTEMPATH\Common.php(1171): CodeIgniter\View\View->render('Pages/Dashbord', [], true)
 3 APPPATH\Controllers\Pages.php(14): view('Pages/Dashbord')
 4 SYSTEMPATH\CodeIgniter.php(933): App\Controllers\Pages->Showme('Dashbord')
 5 SYSTEMPATH\CodeIgniter.php(509): CodeIgniter\CodeIgniter->runController(Object(App\Controllers\Pages))
 6 SYSTEMPATH\CodeIgniter.php(355): CodeIgniter\CodeIgniter->handleRequest(null, Object(Config\Cache), false)
 7 SYSTEMPATH\Boot.php(325): CodeIgniter\CodeIgniter->run()
 8 SYSTEMPATH\Boot.php(67): CodeIgniter\Boot::runCodeIgniter(Object(CodeIgniter\CodeIgniter))
 9 FCPATH\index.php(56): CodeIgniter\Boot::bootWeb(Object(Config\Paths))
CRITICAL - 2024-12-15 06:42:49 --> CodeIgniter\View\Exceptions\ViewException: Invalid file: "Pages/Dashbord.php"
[Method: GET, Route: Dashbord]
in SYSTEMPATH\Exceptions\FrameworkException.php on line 41.
 1 SYSTEMPATH\View\View.php(222): CodeIgniter\Exceptions\FrameworkException::forInvalidFile('Pages/Dashbord.php')
 2 SYSTEMPATH\Common.php(1171): CodeIgniter\View\View->render('Pages/Dashbord', [], true)
 3 APPPATH\Controllers\Pages.php(14): view('Pages/Dashbord')
 4 SYSTEMPATH\CodeIgniter.php(933): App\Controllers\Pages->Showme('Dashbord')
 5 SYSTEMPATH\CodeIgniter.php(509): CodeIgniter\CodeIgniter->runController(Object(App\Controllers\Pages))
 6 SYSTEMPATH\CodeIgniter.php(355): CodeIgniter\CodeIgniter->handleRequest(null, Object(Config\Cache), false)
 7 SYSTEMPATH\Boot.php(325): CodeIgniter\CodeIgniter->run()
 8 SYSTEMPATH\Boot.php(67): CodeIgniter\Boot::runCodeIgniter(Object(CodeIgniter\CodeIgniter))
 9 FCPATH\index.php(56): CodeIgniter\Boot::bootWeb(Object(Config\Paths))
CRITICAL - 2024-12-15 06:42:51 --> CodeIgniter\View\Exceptions\ViewException: Invalid file: "Pages/Dashbord.php"
[Method: GET, Route: Dashbord]
in SYSTEMPATH\Exceptions\FrameworkException.php on line 41.
 1 SYSTEMPATH\View\View.php(222): CodeIgniter\Exceptions\FrameworkException::forInvalidFile('Pages/Dashbord.php')
 2 SYSTEMPATH\Common.php(1171): CodeIgniter\View\View->render('Pages/Dashbord', [], true)
 3 APPPATH\Controllers\Pages.php(14): view('Pages/Dashbord')
 4 SYSTEMPATH\CodeIgniter.php(933): App\Controllers\Pages->Showme('Dashbord')
 5 SYSTEMPATH\CodeIgniter.php(509): CodeIgniter\CodeIgniter->runController(Object(App\Controllers\Pages))
 6 SYSTEMPATH\CodeIgniter.php(355): CodeIgniter\CodeIgniter->handleRequest(null, Object(Config\Cache), false)
 7 SYSTEMPATH\Boot.php(325): CodeIgniter\CodeIgniter->run()
 8 SYSTEMPATH\Boot.php(67): CodeIgniter\Boot::runCodeIgniter(Object(CodeIgniter\CodeIgniter))
 9 FCPATH\index.php(56): CodeIgniter\Boot::bootWeb(Object(Config\Paths))
CRITICAL - 2024-12-15 06:42:53 --> CodeIgniter\View\Exceptions\ViewException: Invalid file: "Pages/Dashbord.php"
[Method: GET, Route: Dashbord]
in SYSTEMPATH\Exceptions\FrameworkException.php on line 41.
 1 SYSTEMPATH\View\View.php(222): CodeIgniter\Exceptions\FrameworkException::forInvalidFile('Pages/Dashbord.php')
 2 SYSTEMPATH\Common.php(1171): CodeIgniter\View\View->render('Pages/Dashbord', [], true)
 3 APPPATH\Controllers\Pages.php(14): view('Pages/Dashbord')
 4 SYSTEMPATH\CodeIgniter.php(933): App\Controllers\Pages->Showme('Dashbord')
 5 SYSTEMPATH\CodeIgniter.php(509): CodeIgniter\CodeIgniter->runController(Object(App\Controllers\Pages))
 6 SYSTEMPATH\CodeIgniter.php(355): CodeIgniter\CodeIgniter->handleRequest(null, Object(Config\Cache), false)
 7 SYSTEMPATH\Boot.php(325): CodeIgniter\CodeIgniter->run()
 8 SYSTEMPATH\Boot.php(67): CodeIgniter\Boot::runCodeIgniter(Object(CodeIgniter\CodeIgniter))
 9 FCPATH\index.php(56): CodeIgniter\Boot::bootWeb(Object(Config\Paths))
CRITICAL - 2024-12-15 06:42:54 --> CodeIgniter\View\Exceptions\ViewException: Invalid file: "Pages/Dashbord.php"
[Method: GET, Route: Dashbord]
in SYSTEMPATH\Exceptions\FrameworkException.php on line 41.
 1 SYSTEMPATH\View\View.php(222): CodeIgniter\Exceptions\FrameworkException::forInvalidFile('Pages/Dashbord.php')
 2 SYSTEMPATH\Common.php(1171): CodeIgniter\View\View->render('Pages/Dashbord', [], true)
 3 APPPATH\Controllers\Pages.php(14): view('Pages/Dashbord')
 4 SYSTEMPATH\CodeIgniter.php(933): App\Controllers\Pages->Showme('Dashbord')
 5 SYSTEMPATH\CodeIgniter.php(509): CodeIgniter\CodeIgniter->runController(Object(App\Controllers\Pages))
 6 SYSTEMPATH\CodeIgniter.php(355): CodeIgniter\CodeIgniter->handleRequest(null, Object(Config\Cache), false)
 7 SYSTEMPATH\Boot.php(325): CodeIgniter\CodeIgniter->run()
 8 SYSTEMPATH\Boot.php(67): CodeIgniter\Boot::runCodeIgniter(Object(CodeIgniter\CodeIgniter))
 9 FCPATH\index.php(56): CodeIgniter\Boot::bootWeb(Object(Config\Paths))
CRITICAL - 2024-12-15 06:42:56 --> CodeIgniter\View\Exceptions\ViewException: Invalid file: "Pages/Dashbord.php"
[Method: GET, Route: Dashbord]
in SYSTEMPATH\Exceptions\FrameworkException.php on line 41.
 1 SYSTEMPATH\View\View.php(222): CodeIgniter\Exceptions\FrameworkException::forInvalidFile('Pages/Dashbord.php')
 2 SYSTEMPATH\Common.php(1171): CodeIgniter\View\View->render('Pages/Dashbord', [], true)
 3 APPPATH\Controllers\Pages.php(14): view('Pages/Dashbord')
 4 SYSTEMPATH\CodeIgniter.php(933): App\Controllers\Pages->Showme('Dashbord')
 5 SYSTEMPATH\CodeIgniter.php(509): CodeIgniter\CodeIgniter->runController(Object(App\Controllers\Pages))
 6 SYSTEMPATH\CodeIgniter.php(355): CodeIgniter\CodeIgniter->handleRequest(null, Object(Config\Cache), false)
 7 SYSTEMPATH\Boot.php(325): CodeIgniter\CodeIgniter->run()
 8 SYSTEMPATH\Boot.php(67): CodeIgniter\Boot::runCodeIgniter(Object(CodeIgniter\CodeIgniter))
 9 FCPATH\index.php(56): CodeIgniter\Boot::bootWeb(Object(Config\Paths))
INFO - 2024-12-15 06:44:05 --> Session: Class initialized using 'CodeIgniter\Session\Handlers\FileHandler' driver.
CRITICAL - 2024-12-15 07:19:15 --> ErrorException: Type of Config\Filters::$filters must be array (as in class CodeIgniter\Config\Filters)
[Method: GET, Route: login]
in APPPATH\Config\Filters.php on line 16.
 1 [internal function]: CodeIgniter\Debug\Exceptions->shutdownHandler()
CRITICAL - 2024-12-15 07:21:25 --> ErrorException: Type of Config\Filters::$filters must be array (as in class CodeIgniter\Config\Filters)
[Method: GET, Route: admin]
in APPPATH\Config\Filters.php on line 16.
 1 [internal function]: CodeIgniter\Debug\Exceptions->shutdownHandler()
CRITICAL - 2024-12-15 07:21:37 --> ErrorException: Type of Config\Filters::$filters must be array (as in class CodeIgniter\Config\Filters)
[Method: GET, Route: login]
in APPPATH\Config\Filters.php on line 16.
 1 [internal function]: CodeIgniter\Debug\Exceptions->shutdownHandler()
CRITICAL - 2024-12-15 07:23:26 --> ErrorException: Cannot redeclare Config\Filters::$aliases
[Method: GET, Route: login]
in APPPATH\Config\Filters.php on line 39.
 1 [internal function]: CodeIgniter\Debug\Exceptions->shutdownHandler()
CRITICAL - 2024-12-15 07:23:28 --> ErrorException: Cannot redeclare Config\Filters::$aliases
[Method: GET, Route: login]
in APPPATH\Config\Filters.php on line 39.
 1 [internal function]: CodeIgniter\Debug\Exceptions->shutdownHandler()
CRITICAL - 2024-12-15 07:23:29 --> ErrorException: Cannot redeclare Config\Filters::$aliases
[Method: GET, Route: login]
in APPPATH\Config\Filters.php on line 39.
 1 [internal function]: CodeIgniter\Debug\Exceptions->shutdownHandler()
CRITICAL - 2024-12-15 07:26:25 --> ErrorException: Cannot redeclare Config\Filters::$aliases
[Method: GET, Route: login]
in APPPATH\Config\Filters.php on line 39.
 1 [internal function]: CodeIgniter\Debug\Exceptions->shutdownHandler()
CRITICAL - 2024-12-15 07:26:26 --> ErrorException: Cannot redeclare Config\Filters::$aliases
[Method: GET, Route: login]
in APPPATH\Config\Filters.php on line 39.
 1 [internal function]: CodeIgniter\Debug\Exceptions->shutdownHandler()
CRITICAL - 2024-12-15 07:26:28 --> ErrorException: Cannot redeclare Config\Filters::$aliases
[Method: GET, Route: login]
in APPPATH\Config\Filters.php on line 39.
 1 [internal function]: CodeIgniter\Debug\Exceptions->shutdownHandler()
CRITICAL - 2024-12-15 07:26:31 --> ErrorException: Cannot redeclare Config\Filters::$aliases
[Method: GET, Route: login]
in APPPATH\Config\Filters.php on line 39.
 1 [internal function]: CodeIgniter\Debug\Exceptions->shutdownHandler()
CRITICAL - 2024-12-15 07:26:32 --> ErrorException: Cannot redeclare Config\Filters::$aliases
[Method: GET, Route: login]
in APPPATH\Config\Filters.php on line 39.
 1 [internal function]: CodeIgniter\Debug\Exceptions->shutdownHandler()
CRITICAL - 2024-12-15 07:26:52 --> ErrorException: Type of Config\Filters::$filters must be array (as in class CodeIgniter\Config\Filters)
[Method: GET, Route: login]
in APPPATH\Config\Filters.php on line 16.
 1 [internal function]: CodeIgniter\Debug\Exceptions->shutdownHandler()
CRITICAL - 2024-12-15 07:26:54 --> ErrorException: Type of Config\Filters::$filters must be array (as in class CodeIgniter\Config\Filters)
[Method: GET, Route: login]
in APPPATH\Config\Filters.php on line 16.
 1 [internal function]: CodeIgniter\Debug\Exceptions->shutdownHandler()
CRITICAL - 2024-12-15 07:26:54 --> ErrorException: Type of Config\Filters::$filters must be array (as in class CodeIgniter\Config\Filters)
[Method: GET, Route: login]
in APPPATH\Config\Filters.php on line 16.
 1 [internal function]: CodeIgniter\Debug\Exceptions->shutdownHandler()
INFO - 2024-12-15 07:29:13 --> Session: Class initialized using 'CodeIgniter\Session\Handlers\FileHandler' driver.
INFO - 2024-12-15 07:29:26 --> Session: Class initialized using 'CodeIgniter\Session\Handlers\FileHandler' driver.
INFO - 2024-12-15 07:33:48 --> Session: Class initialized using 'CodeIgniter\Session\Handlers\FileHandler' driver.
INFO - 2024-12-15 07:34:50 --> Session: Class initialized using 'CodeIgniter\Session\Handlers\FileHandler' driver.
INFO - 2024-12-15 07:35:55 --> Session: Class initialized using 'CodeIgniter\Session\Handlers\FileHandler' driver.
INFO - 2024-12-15 07:36:04 --> Session: Class initialized using 'CodeIgniter\Session\Handlers\FileHandler' driver.
INFO - 2024-12-15 07:40:06 --> Session: Class initialized using 'CodeIgniter\Session\Handlers\FileHandler' driver.
INFO - 2024-12-15 07:40:55 --> Session: Class initialized using 'CodeIgniter\Session\Handlers\FileHandler' driver.
INFO - 2024-12-15 07:41:13 --> Session: Class initialized using 'CodeIgniter\Session\Handlers\FileHandler' driver.
INFO - 2024-12-15 07:42:02 --> Session: Class initialized using 'CodeIgniter\Session\Handlers\FileHandler' driver.
INFO - 2024-12-15 07:42:09 --> Session: Class initialized using 'CodeIgniter\Session\Handlers\FileHandler' driver.
INFO - 2024-12-15 07:45:17 --> Session: Class initialized using 'CodeIgniter\Session\Handlers\FileHandler' driver.
INFO - 2024-12-15 07:45:40 --> Session: Class initialized using 'CodeIgniter\Session\Handlers\FileHandler' driver.
INFO - 2024-12-15 07:46:51 --> Session: Class initialized using 'CodeIgniter\Session\Handlers\FileHandler' driver.
INFO - 2024-12-15 07:47:53 --> Session: Class initialized using 'CodeIgniter\Session\Handlers\FileHandler' driver.
INFO - 2024-12-15 07:48:27 --> Session: Class initialized using 'CodeIgniter\Session\Handlers\FileHandler' driver.
INFO - 2024-12-15 07:48:55 --> Session: Class initialized using 'CodeIgniter\Session\Handlers\FileHandler' driver.
INFO - 2024-12-15 07:48:56 --> Session: Class initialized using 'CodeIgniter\Session\Handlers\FileHandler' driver.
INFO - 2024-12-15 07:49:15 --> Session: Class initialized using 'CodeIgniter\Session\Handlers\FileHandler' driver.
INFO - 2024-12-15 07:49:56 --> Session: Class initialized using 'CodeIgniter\Session\Handlers\FileHandler' driver.
INFO - 2024-12-15 07:50:17 --> Session: Class initialized using 'CodeIgniter\Session\Handlers\FileHandler' driver.
INFO - 2024-12-15 07:50:23 --> Session: Class initialized using 'CodeIgniter\Session\Handlers\FileHandler' driver.
INFO - 2024-12-15 07:50:29 --> Session: Class initialized using 'CodeIgniter\Session\Handlers\FileHandler' driver.
INFO - 2024-12-15 07:50:39 --> Session: Class initialized using 'CodeIgniter\Session\Handlers\FileHandler' driver.
INFO - 2024-12-15 07:52:42 --> Session: Class initialized using 'CodeIgniter\Session\Handlers\FileHandler' driver.
